[www.uigrid.com/html/fitmate/assets/img/favicon.png]
[backblue.gif]
[fade.gif]
[index.html]
[www.uigrid.com/html/fitmate/assets/img/apple-touch-icon.png]
[www.uigrid.com/html/fitmate/assets/img/logo.png]
[www.uigrid.com/html/fitmate/assets/img/about.jpg]
[www.uigrid.com/html/fitmate/assets/img/courses/fitness-workout.jpg]
[www.uigrid.com/html/fitmate/assets/img/courses/marathon-running.jpg]
[www.uigrid.com/html/fitmate/assets/img/courses/swimming.jpg]
[www.uigrid.com/html/fitmate/assets/img/courses/yoga.jpg]
[www.uigrid.com/html/fitmate/assets/img/courses/kick-boxing.jpg]
[www.uigrid.com/html/fitmate/assets/img/courses/zumba-dancing.jpg]
[www.uigrid.com/html/fitmate/assets/img/courses/cardio.jpg]
[www.uigrid.com/html/fitmate/assets/img/courses/weight-loss.jpg]
[www.uigrid.com/html/fitmate/assets/img/trainer/trainer-3.jpg]
[www.uigrid.com/html/fitmate/assets/img/trainer/trainer-5.jpg]
[www.uigrid.com/html/fitmate/assets/img/trainer/trainer-4.jpg]
[www.uigrid.com/html/fitmate/assets/img/trainer/trainer-2.jpg]
[www.uigrid.com/html/fitmate/assets/img/trainer/trainer-1.jpg]
[www.uigrid.com/html/fitmate/assets/img/gallary/gallary-one.jpg]
[www.uigrid.com/html/fitmate/assets/img/gallary/gallary-one-thumb.jpg]
[www.uigrid.com/html/fitmate/assets/img/gallary/gallary-two.jpg]
[www.uigrid.com/html/fitmate/assets/img/gallary/gallary-two-thumb.jpg]
[www.uigrid.com/html/fitmate/assets/img/gallary/gallary-three.jpg]
[www.uigrid.com/html/fitmate/assets/img/gallary/gallary-three-thumb.jpg]
[www.uigrid.com/html/fitmate/assets/img/gallary/gallary-four.jpg]
[www.uigrid.com/html/fitmate/assets/img/gallary/gallary-four-thumb.jpg]
[www.uigrid.com/html/fitmate/assets/img/gallary/gallary-five.jpg]
[www.uigrid.com/html/fitmate/assets/img/gallary/gallary-five-thumb.jpg]
[www.uigrid.com/html/fitmate/assets/img/gallary/gallary-six.jpg]
[www.uigrid.com/html/fitmate/assets/img/gallary/gallary-six-thumb.jpg]
[www.uigrid.com/html/fitmate/assets/img/testimonial/user-one.jpg]
[www.uigrid.com/html/fitmate/assets/img/testimonial/user-two.jpg]
[www.uigrid.com/html/fitmate/assets/img/testimonial/user-three.jpg]
[www.uigrid.com/html/fitmate/assets/img/testimonial/user-four.jpg]
[www.uigrid.com/html/fitmate/assets/js/jquery.min.js]
[www.uigrid.com/html/fitmate/assets/js/bootstrap.min.js]
[www.uigrid.com/html/fitmate/assets/js/plugins/slick.min.js]
[www.uigrid.com/html/fitmate/assets/js/plugins/magnific-popup.min.js]
[www.uigrid.com/html/fitmate/assets/js/plugins/jquery.paroller.min.js]
[www.uigrid.com/html/fitmate/assets/js/main.js]
[www.uigrid.com/html/fitmate/index.html]
[www.uigrid.com/html/fitmate/assets/fonts/fontawesome-webfont3e6e.eot]
[www.uigrid.com/html/fitmate/assets/fonts/fontawesome-webfontd41d.eot]
[www.uigrid.com/html/fitmate/assets/fonts/fontawesome-webfont3e6e.woff2]
[www.uigrid.com/html/fitmate/assets/fonts/fontawesome-webfont3e6e.woff]
[www.uigrid.com/html/fitmate/assets/fonts/fontawesome-webfont3e6e.ttf]
[www.uigrid.com/html/fitmate/assets/css/font-awesome.min.css]
[www.uigrid.com/html/fitmate/assets/fonts/glyphicons-halflings-regular.eot]
[www.uigrid.com/html/fitmate/assets/fonts/glyphicons-halflings-regulard41d.eot]
[www.uigrid.com/html/fitmate/assets/fonts/glyphicons-halflings-regular.woff2]
[www.uigrid.com/html/fitmate/assets/fonts/glyphicons-halflings-regular.woff]
[www.uigrid.com/html/fitmate/assets/fonts/glyphicons-halflings-regular.ttf]
[www.uigrid.com/html/fitmate/assets/css/bootstrap.min.css]
[www.uigrid.com/html/fitmate/assets/css/normalize.css]
[www.uigrid.com/html/fitmate/assets/css/plugins/slick.css]
[www.uigrid.com/html/fitmate/assets/css/plugins/magnific-popup.css]
[www.uigrid.com/html/fitmate/assets/img/cover.jpg]
[www.uigrid.com/html/fitmate/assets/img/studio-feature.jpg]
[www.uigrid.com/html/fitmate/assets/img/studio-trail.jpg]
[www.uigrid.com/html/fitmate/assets/img/studio-offer.jpg]
[www.uigrid.com/html/fitmate/assets/img/studio-testimonial.jpg]
[www.uigrid.com/html/fitmate/assets/css/style.css]
[www.uigrid.com/html/fitmate/assets/css/responsive.css]
[www.uigrid.com/html/fitmate/assets/fonts/fontawesome-webfont3e6e.svg]
[www.uigrid.com/html/fitmate/assets/fonts/glyphicons-halflings-regular.svg]
